ARM Linker, 5.03 [Build 76] [MDK-ARM Standard]

==============================================================================

Section Cross References

    startup_stm32f10x_ld_vl.o(RESET) refers to startup_stm32f10x_ld_vl.o(STACK) for __initial_sp
    startup_stm32f10x_ld_vl.o(RESET) refers to startup_stm32f10x_ld_vl.o(.text) for Reset_Handler
    startup_stm32f10x_ld_vl.o(RESET) refers to hal_cm3.o(.emb_text) for SVC_Handler
    startup_stm32f10x_ld_vl.o(.text) refers to system_stm32f10x.o(.text) for SystemInit
    startup_stm32f10x_ld_vl.o(.text) refers to entry.o(.ARM.Collect$$$$00000000) for __main
    system_stm32f10x.o(.text) refers to system_stm32f10x.o(.data) for SystemCoreClock
    blinky.o(.text) refers to hal_cm3.o(.emb_text) for os_set_env
    blinky.o(.text) refers to blinky.o(.constdata) for led_mask
    blinky.o(.text) refers to blinky.o(.data) for t_clock
    blinky.o(.text) refers to rt_event.o(i.rt_evt_set) for rt_evt_set
    blinky.o(.text) refers to rt_time.o(i.rt_dly_wait) for rt_dly_wait
    blinky.o(.text) refers to rt_event.o(i.rt_evt_wait) for rt_evt_wait
    blinky.o(.text) refers to rt_task.o(i.rt_tsk_create) for rt_tsk_create
    blinky.o(.text) refers to rt_task.o(i.rt_tsk_delete) for rt_tsk_delete
    blinky.o(.text) refers to rt_task.o(i.rt_sys_init) for rt_sys_init
    rt_task.o(i.rt_block) refers to rt_list.o(i.rt_put_dly) for rt_put_dly
    rt_task.o(i.rt_block) refers to rt_list.o(i.rt_get_first) for rt_get_first
    rt_task.o(i.rt_block) refers to rt_task.o(i.rt_switch_req) for rt_switch_req
    rt_task.o(i.rt_block) refers to rt_task.o(.data) for .data
    rt_task.o(i.rt_block) refers to rt_list.o(.bss) for os_rdy
    rt_task.o(i.rt_dispatch) refers to rt_list.o(i.rt_put_rdy_first) for rt_put_rdy_first
    rt_task.o(i.rt_dispatch) refers to rt_task.o(i.rt_switch_req) for rt_switch_req
    rt_task.o(i.rt_dispatch) refers to rt_list.o(i.rt_get_first) for rt_get_first
    rt_task.o(i.rt_dispatch) refers to rt_list.o(i.rt_put_prio) for rt_put_prio
    rt_task.o(i.rt_dispatch) refers to rt_task.o(.data) for .data
    rt_task.o(i.rt_dispatch) refers to rt_list.o(.bss) for os_rdy
    rt_task.o(i.rt_init_context) refers to rt_membox.o(i.rt_alloc_box) for rt_alloc_box
    rt_task.o(i.rt_init_context) refers to hal_cm3.o(i.rt_init_stack) for rt_init_stack
    rt_task.o(i.rt_init_context) refers to rtx_conf_cm.o(.bss) for mp_stk
    rt_task.o(i.rt_switch_req) refers to hal_cm3.o(i.dbg_task_switch) for dbg_task_switch
    rt_task.o(i.rt_switch_req) refers to rt_task.o(.data) for .data
    rt_task.o(i.rt_switch_req) refers to hal_cm3.o(.data) for dbg_msg
    rt_task.o(i.rt_sys_init) refers to hal_cm3.o(i.dbg_init) for dbg_init
    rt_task.o(i.rt_sys_init) refers to rt_membox.o(i._init_box) for _init_box
    rt_task.o(i.rt_sys_init) refers to rt_task.o(i.rt_init_context) for rt_init_context
    rt_task.o(i.rt_sys_init) refers to hal_cm3.o(.emb_text) for rt_set_PSP
    rt_task.o(i.rt_sys_init) refers to rt_robin.o(i.rt_init_robin) for rt_init_robin
    rt_task.o(i.rt_sys_init) refers to rt_system.o(i.os_tick_init) for os_tick_init
    rt_task.o(i.rt_sys_init) refers to rt_task.o(i.rt_tsk_create) for rt_tsk_create
    rt_task.o(i.rt_sys_init) refers to rtx_conf_cm.o(.bss) for os_active_TCB
    rt_task.o(i.rt_sys_init) refers to rtx_conf_cm.o(.constdata) for os_maxtaskrun
    rt_task.o(i.rt_sys_init) refers to rtx_conf_cm.o(.data) for m_tmr
    rt_task.o(i.rt_sys_init) refers to rt_task.o(.bss) for .bss
    rt_task.o(i.rt_sys_init) refers to rtx_conf_cm.o(.text) for os_idle_demon
    rt_task.o(i.rt_sys_init) refers to rt_list.o(.bss) for os_rdy
    rt_task.o(i.rt_sys_init) refers to rt_task.o(.data) for .data
    rt_task.o(i.rt_sys_init) refers to rt_system.o(.data) for os_tick_irqn
    rt_task.o(i.rt_tsk_create) refers to rt_membox.o(i.rt_alloc_box) for rt_alloc_box
    rt_task.o(i.rt_tsk_create) refers to rt_task.o(i.rt_init_context) for rt_init_context
    rt_task.o(i.rt_tsk_create) refers to hal_cm3.o(i.dbg_task_notify) for dbg_task_notify
    rt_task.o(i.rt_tsk_create) refers to rt_task.o(i.rt_dispatch) for rt_dispatch
    rt_task.o(i.rt_tsk_create) refers to rtx_conf_cm.o(.bss) for mp_tcb
    rt_task.o(i.rt_tsk_create) refers to rtx_conf_cm.o(.constdata) for os_maxtaskrun
    rt_task.o(i.rt_tsk_create) refers to hal_cm3.o(.data) for dbg_msg
    rt_task.o(i.rt_tsk_create) refers to rt_task.o(.data) for .data
    rt_task.o(i.rt_tsk_delete) refers to hal_cm3.o(.emb_text) for rt_get_PSP
    rt_task.o(i.rt_tsk_delete) refers to rt_system.o(i.rt_stk_check) for rt_stk_check
    rt_task.o(i.rt_tsk_delete) refers to rt_membox.o(i.rt_free_box) for rt_free_box
    rt_task.o(i.rt_tsk_delete) refers to hal_cm3.o(i.dbg_task_notify) for dbg_task_notify
    rt_task.o(i.rt_tsk_delete) refers to rt_task.o(i.rt_dispatch) for rt_dispatch
    rt_task.o(i.rt_tsk_delete) refers to rt_list.o(i.rt_rmv_list) for rt_rmv_list
    rt_task.o(i.rt_tsk_delete) refers to rt_list.o(i.rt_rmv_dly) for rt_rmv_dly
    rt_task.o(i.rt_tsk_delete) refers to hal_cm3.o(.data) for dbg_msg
    rt_task.o(i.rt_tsk_delete) refers to rt_task.o(.data) for .data
    rt_task.o(i.rt_tsk_delete) refers to rtx_conf_cm.o(.bss) for os_active_TCB
    rt_task.o(i.rt_tsk_delete) refers to rtx_conf_cm.o(.constdata) for os_maxtaskrun
    rt_task.o(i.rt_tsk_pass) refers to rt_list.o(i.rt_get_same_rdy_prio) for rt_get_same_rdy_prio
    rt_task.o(i.rt_tsk_pass) refers to rt_list.o(i.rt_put_prio) for rt_put_prio
    rt_task.o(i.rt_tsk_pass) refers to rt_task.o(i.rt_switch_req) for rt_switch_req
    rt_task.o(i.rt_tsk_pass) refers to rt_task.o(.data) for .data
    rt_task.o(i.rt_tsk_pass) refers to rt_list.o(.bss) for os_rdy
    rt_task.o(i.rt_tsk_prio) refers to rt_list.o(i.rt_put_prio) for rt_put_prio
    rt_task.o(i.rt_tsk_prio) refers to rt_list.o(i.rt_resort_prio) for rt_resort_prio
    rt_task.o(i.rt_tsk_prio) refers to rt_list.o(i.rt_get_first) for rt_get_first
    rt_task.o(i.rt_tsk_prio) refers to rt_task.o(i.rt_dispatch) for rt_dispatch
    rt_task.o(i.rt_tsk_prio) refers to rt_task.o(.data) for .data
    rt_task.o(i.rt_tsk_prio) refers to rtx_conf_cm.o(.constdata) for os_maxtaskrun
    rt_task.o(i.rt_tsk_prio) refers to rtx_conf_cm.o(.bss) for os_active_TCB
    rt_task.o(i.rt_tsk_prio) refers to rt_list.o(.bss) for os_rdy
    rt_task.o(i.rt_tsk_self) refers to rt_task.o(.data) for .data
    rt_event.o(i.isr_evt_set) refers to rt_list.o(i.rt_psq_enq) for rt_psq_enq
    rt_event.o(i.isr_evt_set) refers to rt_system.o(i.rt_psh_req) for rt_psh_req
    rt_event.o(i.isr_evt_set) refers to rtx_conf_cm.o(.bss) for os_active_TCB
    rt_event.o(i.rt_evt_clr) refers to rtx_conf_cm.o(.bss) for os_active_TCB
    rt_event.o(i.rt_evt_get) refers to rt_task.o(.data) for os_tsk
    rt_event.o(i.rt_evt_psh) refers to rt_list.o(i.rt_rmv_dly) for rt_rmv_dly
    rt_event.o(i.rt_evt_psh) refers to rt_list.o(i.rt_put_prio) for rt_put_prio
    rt_event.o(i.rt_evt_psh) refers to rt_list.o(.bss) for os_rdy
    rt_event.o(i.rt_evt_set) refers to rt_list.o(i.rt_rmv_dly) for rt_rmv_dly
    rt_event.o(i.rt_evt_set) refers to rt_task.o(i.rt_dispatch) for rt_dispatch
    rt_event.o(i.rt_evt_set) refers to rtx_conf_cm.o(.bss) for os_active_TCB
    rt_event.o(i.rt_evt_wait) refers to rt_task.o(i.rt_block) for rt_block
    rt_event.o(i.rt_evt_wait) refers to rt_task.o(.data) for os_tsk
    rt_time.o(i.rt_dly_wait) refers to rt_task.o(i.rt_block) for rt_block
    rt_time.o(i.rt_itv_set) refers to rt_task.o(.data) for os_tsk
    rt_time.o(i.rt_itv_set) refers to rt_time.o(.data) for .data
    rt_time.o(i.rt_itv_wait) refers to rt_task.o(i.rt_block) for rt_block
    rt_time.o(i.rt_itv_wait) refers to rt_task.o(.data) for os_tsk
    rt_time.o(i.rt_itv_wait) refers to rt_time.o(.data) for .data
    rt_time.o(i.rt_time_get) refers to rt_time.o(.data) for .data
    hal_cm3.o(.emb_text) refers to rtx_conf_cm.o(.constdata) for os_flags
    hal_cm3.o(.emb_text) refers to rt_membox.o(i.rt_alloc_box) for rt_alloc_box
    hal_cm3.o(.emb_text) refers to rt_membox.o(i.rt_free_box) for rt_free_box
    hal_cm3.o(.emb_text) refers to rt_system.o(i.rt_stk_check) for rt_stk_check
    hal_cm3.o(.emb_text) refers to rt_task.o(.data) for os_tsk
    hal_cm3.o(.emb_text) refers to SVC_Table.o(SVC_TABLE) for SVC_Count
    hal_cm3.o(.emb_text) refers to rt_system.o(i.rt_pop_req) for rt_pop_req
    hal_cm3.o(.emb_text) refers to rt_system.o(i.rt_systick) for rt_systick
    hal_cm3.o(.emb_text) refers to rt_system.o(i.os_tick_irqack) for os_tick_irqack
    hal_cm3.o(i.dbg_init) refers to hal_cm3.o(.data) for .data
    hal_cm3.o(i.rt_init_stack) refers to rtx_conf_cm.o(.constdata) for os_stackinfo
    rt_system.o(i.os_tick_init) refers to rtx_conf_cm.o(.constdata) for os_trv
    rt_system.o(i.rt_pop_req) refers to rt_list.o(i.rt_put_rdy_first) for rt_put_rdy_first
    rt_system.o(i.rt_pop_req) refers to rt_semaphore.o(i.rt_sem_psh) for rt_sem_psh
    rt_system.o(i.rt_pop_req) refers to rt_list.o(i.rt_get_first) for rt_get_first
    rt_system.o(i.rt_pop_req) refers to rt_task.o(i.rt_switch_req) for rt_switch_req
    rt_system.o(i.rt_pop_req) refers to rt_event.o(i.rt_evt_psh) for rt_evt_psh
    rt_system.o(i.rt_pop_req) refers to rt_mailbox.o(i.rt_mbx_psh) for rt_mbx_psh
    rt_system.o(i.rt_pop_req) refers to rt_task.o(.data) for os_tsk
    rt_system.o(i.rt_pop_req) refers to rtx_conf_cm.o(.bss) for os_fifo
    rt_system.o(i.rt_pop_req) refers to rt_list.o(.bss) for os_rdy
    rt_system.o(i.rt_psh_req) refers to rt_system.o(.data) for .data
    rt_system.o(i.rt_resume) refers to rt_list.o(i.rt_put_rdy_first) for rt_put_rdy_first
    rt_system.o(i.rt_resume) refers to rt_list.o(i.rt_dec_dly) for rt_dec_dly
    rt_system.o(i.rt_resume) refers to rt_timer.o(i.rt_tmr_tick) for rt_tmr_tick
    rt_system.o(i.rt_resume) refers to rt_list.o(i.rt_get_first) for rt_get_first
    rt_system.o(i.rt_resume) refers to rt_task.o(i.rt_switch_req) for rt_switch_req
    rt_system.o(i.rt_resume) refers to rt_system.o(i.rt_tsk_unlock) for rt_tsk_unlock
    rt_system.o(i.rt_resume) refers to rt_task.o(.data) for os_tsk
    rt_system.o(i.rt_resume) refers to rt_robin.o(.data) for os_robin
    rt_system.o(i.rt_resume) refers to rt_list.o(.bss) for os_dly
    rt_system.o(i.rt_resume) refers to rt_time.o(.data) for os_time
    rt_system.o(i.rt_resume) refers to rt_timer.o(.data) for os_tmr
    rt_system.o(i.rt_stk_check) refers to rtx_conf_cm.o(.text) for os_error
    rt_system.o(i.rt_stk_check) refers to rt_task.o(.data) for os_tsk
    rt_system.o(i.rt_suspend) refers to rt_system.o(i.rt_tsk_lock) for rt_tsk_lock
    rt_system.o(i.rt_suspend) refers to rt_list.o(.bss) for os_dly
    rt_system.o(i.rt_suspend) refers to rt_timer.o(.data) for os_tmr
    rt_system.o(i.rt_systick) refers to rt_list.o(i.rt_put_rdy_first) for rt_put_rdy_first
    rt_system.o(i.rt_systick) refers to rt_robin.o(i.rt_chk_robin) for rt_chk_robin
    rt_system.o(i.rt_systick) refers to rt_list.o(i.rt_dec_dly) for rt_dec_dly
    rt_system.o(i.rt_systick) refers to rt_timer.o(i.rt_tmr_tick) for rt_tmr_tick
    rt_system.o(i.rt_systick) refers to rt_list.o(i.rt_get_first) for rt_get_first
    rt_system.o(i.rt_systick) refers to rt_task.o(i.rt_switch_req) for rt_switch_req
    rt_system.o(i.rt_systick) refers to rt_task.o(.data) for os_tsk
    rt_system.o(i.rt_systick) refers to rt_time.o(.data) for os_time
    rt_system.o(i.rt_systick) refers to rt_list.o(.bss) for os_rdy
    rt_system.o(i.rt_tsk_lock) refers to rt_system.o(.data) for .data
    rt_system.o(i.rt_tsk_unlock) refers to rt_system.o(.data) for .data
    rt_list.o(i.rt_dec_dly) refers to rt_list.o(i.rt_put_prio) for rt_put_prio
    rt_list.o(i.rt_dec_dly) refers to rt_list.o(.bss) for .bss
    rt_list.o(i.rt_dec_dly) refers to rt_time.o(.data) for os_time
    rt_list.o(i.rt_get_same_rdy_prio) refers to rt_list.o(.bss) for .bss
    rt_list.o(i.rt_get_same_rdy_prio) refers to rt_task.o(.data) for os_tsk
    rt_list.o(i.rt_psq_enq) refers to rtx_conf_cm.o(.text) for os_error
    rt_list.o(i.rt_psq_enq) refers to rtx_conf_cm.o(.bss) for os_fifo
    rt_list.o(i.rt_put_dly) refers to rt_list.o(.bss) for .bss
    rt_list.o(i.rt_put_rdy_first) refers to rt_list.o(.bss) for .bss
    rt_list.o(i.rt_resort_prio) refers to rt_list.o(i.rt_rmv_list) for rt_rmv_list
    rt_list.o(i.rt_resort_prio) refers to rt_list.o(i.rt_put_prio) for rt_put_prio
    rt_list.o(i.rt_resort_prio) refers to rt_list.o(.bss) for .bss
    rt_list.o(i.rt_rmv_list) refers to rt_list.o(.bss) for .bss
    rt_robin.o(i.rt_chk_robin) refers to rt_list.o(i.rt_get_first) for rt_get_first
    rt_robin.o(i.rt_chk_robin) refers to rt_list.o(i.rt_put_prio) for rt_put_prio
    rt_robin.o(i.rt_chk_robin) refers to rt_robin.o(.data) for .data
    rt_robin.o(i.rt_chk_robin) refers to rt_list.o(.bss) for os_rdy
    rt_robin.o(i.rt_chk_robin) refers to rt_time.o(.data) for os_time
    rt_robin.o(i.rt_init_robin) refers to rt_robin.o(.data) for .data
    rt_robin.o(i.rt_init_robin) refers to rtx_conf_cm.o(.constdata) for os_rrobin
    rt_membox.o(i._calloc_box) refers to hal_cm3.o(.emb_text) for _alloc_box
    rt_mailbox.o(i.isr_mbx_receive) refers to rt_list.o(i.rt_psq_enq) for rt_psq_enq
    rt_mailbox.o(i.isr_mbx_receive) refers to rt_system.o(i.rt_psh_req) for rt_psh_req
    rt_mailbox.o(i.isr_mbx_send) refers to rt_list.o(i.rt_psq_enq) for rt_psq_enq
    rt_mailbox.o(i.isr_mbx_send) refers to rt_system.o(i.rt_psh_req) for rt_psh_req
    rt_mailbox.o(i.rt_mbx_psh) refers to rt_list.o(i.rt_get_first) for rt_get_first
    rt_mailbox.o(i.rt_mbx_psh) refers to rt_list.o(i.rt_rmv_dly) for rt_rmv_dly
    rt_mailbox.o(i.rt_mbx_psh) refers to rt_list.o(i.rt_put_prio) for rt_put_prio
    rt_mailbox.o(i.rt_mbx_psh) refers to rtx_conf_cm.o(.text) for os_error
    rt_mailbox.o(i.rt_mbx_psh) refers to rt_list.o(.bss) for os_rdy
    rt_mailbox.o(i.rt_mbx_send) refers to rt_list.o(i.rt_put_prio) for rt_put_prio
    rt_mailbox.o(i.rt_mbx_send) refers to rt_list.o(i.rt_get_first) for rt_get_first
    rt_mailbox.o(i.rt_mbx_send) refers to rt_list.o(i.rt_rmv_dly) for rt_rmv_dly
    rt_mailbox.o(i.rt_mbx_send) refers to rt_task.o(i.rt_dispatch) for rt_dispatch
    rt_mailbox.o(i.rt_mbx_send) refers to rt_task.o(i.rt_block) for rt_block
    rt_mailbox.o(i.rt_mbx_send) refers to rt_task.o(.data) for os_tsk
    rt_mailbox.o(i.rt_mbx_wait) refers to rt_list.o(i.rt_get_first) for rt_get_first
    rt_mailbox.o(i.rt_mbx_wait) refers to rt_list.o(i.rt_rmv_dly) for rt_rmv_dly
    rt_mailbox.o(i.rt_mbx_wait) refers to rt_task.o(i.rt_dispatch) for rt_dispatch
    rt_mailbox.o(i.rt_mbx_wait) refers to rt_list.o(i.rt_put_prio) for rt_put_prio
    rt_mailbox.o(i.rt_mbx_wait) refers to rt_task.o(i.rt_block) for rt_block
    rt_mailbox.o(i.rt_mbx_wait) refers to rt_task.o(.data) for os_tsk
    rt_semaphore.o(i.isr_sem_send) refers to rt_list.o(i.rt_psq_enq) for rt_psq_enq
    rt_semaphore.o(i.isr_sem_send) refers to rt_system.o(i.rt_psh_req) for rt_psh_req
    rt_semaphore.o(i.rt_sem_psh) refers to rt_list.o(i.rt_get_first) for rt_get_first
    rt_semaphore.o(i.rt_sem_psh) refers to rt_list.o(i.rt_rmv_dly) for rt_rmv_dly
    rt_semaphore.o(i.rt_sem_psh) refers to rt_list.o(i.rt_put_prio) for rt_put_prio
    rt_semaphore.o(i.rt_sem_psh) refers to rt_list.o(.bss) for os_rdy
    rt_semaphore.o(i.rt_sem_send) refers to rt_list.o(i.rt_get_first) for rt_get_first
    rt_semaphore.o(i.rt_sem_send) refers to rt_list.o(i.rt_rmv_dly) for rt_rmv_dly
    rt_semaphore.o(i.rt_sem_send) refers to rt_task.o(i.rt_dispatch) for rt_dispatch
    rt_semaphore.o(i.rt_sem_send) refers to rt_task.o(.data) for os_tsk
    rt_semaphore.o(i.rt_sem_wait) refers to rt_list.o(i.rt_put_prio) for rt_put_prio
    rt_semaphore.o(i.rt_sem_wait) refers to rt_task.o(i.rt_block) for rt_block
    rt_semaphore.o(i.rt_sem_wait) refers to rt_task.o(.data) for os_tsk
    rt_timer.o(i.rt_tmr_create) refers to rt_membox.o(i.rt_alloc_box) for rt_alloc_box
    rt_timer.o(i.rt_tmr_create) refers to rtx_conf_cm.o(.data) for m_tmr
    rt_timer.o(i.rt_tmr_create) refers to rt_timer.o(.data) for .data
    rt_timer.o(i.rt_tmr_kill) refers to rt_membox.o(i.rt_free_box) for rt_free_box
    rt_timer.o(i.rt_tmr_kill) refers to rt_timer.o(.data) for .data
    rt_timer.o(i.rt_tmr_kill) refers to rtx_conf_cm.o(.data) for m_tmr
    rt_timer.o(i.rt_tmr_tick) refers to rtx_conf_cm.o(.text) for os_tmr_call
    rt_timer.o(i.rt_tmr_tick) refers to rt_membox.o(i.rt_free_box) for rt_free_box
    rt_timer.o(i.rt_tmr_tick) refers to rt_timer.o(.data) for .data
    rt_timer.o(i.rt_tmr_tick) refers to rtx_conf_cm.o(.data) for m_tmr
    entry.o(.ARM.Collect$$$$00000000) refers (Special) to entry10a.o(.ARM.Collect$$$$0000000D) for __rt_final_cpp
    entry.o(.ARM.Collect$$$$00000000) refers (Special) to entry11a.o(.ARM.Collect$$$$0000000F) for __rt_final_exit
    entry.o(.ARM.Collect$$$$00000000) refers (Special) to entry7b.o(.ARM.Collect$$$$00000008) for _main_clock
    entry.o(.ARM.Collect$$$$00000000) refers (Special) to entry8b.o(.ARM.Collect$$$$0000000A) for _main_cpp_init
    entry.o(.ARM.Collect$$$$00000000) refers (Special) to entry9a.o(.ARM.Collect$$$$0000000B) for _main_init
    entry.o(.ARM.Collect$$$$00000000) refers (Special) to entry5.o(.ARM.Collect$$$$00000004) for _main_scatterload
    entry.o(.ARM.Collect$$$$00000000) refers (Special) to entry2.o(.ARM.Collect$$$$00000001) for _main_stk
    entry2.o(.ARM.Collect$$$$00000001) refers to entry2.o(.ARM.Collect$$$$00002712) for __lit__00000000
    entry2.o(.ARM.Collect$$$$00002712) refers to startup_stm32f10x_ld_vl.o(STACK) for __initial_sp
    entry2.o(__vectab_stack_and_reset_area) refers to startup_stm32f10x_ld_vl.o(STACK) for __initial_sp
    entry2.o(__vectab_stack_and_reset_area) refers to entry.o(.ARM.Collect$$$$00000000) for __main
    entry5.o(.ARM.Collect$$$$00000004) refers to init.o(.text) for __scatterload
    entry9a.o(.ARM.Collect$$$$0000000B) refers to blinky.o(.text) for main
    entry9b.o(.ARM.Collect$$$$0000000C) refers to blinky.o(.text) for main
    init.o(.text) refers to entry5.o(.ARM.Collect$$$$00000004) for __main_after_scatterload


==============================================================================

Removing Unused input sections from the image.

    Removing startup_stm32f10x_ld_vl.o(HEAP), (512 bytes).
    Removing system_stm32f10x.o(.rev16_text), (4 bytes).
    Removing system_stm32f10x.o(.revsh_text), (4 bytes).
    Removing blinky.o(.rev16_text), (4 bytes).
    Removing blinky.o(.revsh_text), (4 bytes).
    Removing rt_task.o(i.rt_tsk_pass), (48 bytes).
    Removing rt_task.o(i.rt_tsk_prio), (128 bytes).
    Removing rt_task.o(i.rt_tsk_self), (16 bytes).
    Removing rt_event.o(i.isr_evt_set), (40 bytes).
    Removing rt_event.o(i.rt_evt_clr), (28 bytes).
    Removing rt_event.o(i.rt_evt_get), (12 bytes).
    Removing rt_time.o(i.rt_itv_set), (24 bytes).
    Removing rt_time.o(i.rt_itv_wait), (44 bytes).
    Removing rt_time.o(i.rt_time_get), (12 bytes).
    Removing rt_system.o(.emb_text), (0 bytes).
    Removing rt_system.o(i.rt_psh_req), (32 bytes).
    Removing rt_system.o(i.rt_resume), (176 bytes).
    Removing rt_system.o(i.rt_suspend), (44 bytes).
    Removing rt_system.o(i.rt_tsk_lock), (80 bytes).
    Removing rt_system.o(i.rt_tsk_unlock), (80 bytes).
    Removing rt_list.o(i.rt_get_same_rdy_prio), (36 bytes).
    Removing rt_list.o(i.rt_psq_enq), (88 bytes).
    Removing rt_list.o(i.rt_resort_prio), (52 bytes).
    Removing rt_membox.o(i._calloc_box), (30 bytes).
    Removing rt_mailbox.o(i.isr_mbx_receive), (84 bytes).
    Removing rt_mailbox.o(i.isr_mbx_send), (14 bytes).
    Removing rt_mailbox.o(i.rt_mbx_check), (8 bytes).
    Removing rt_mailbox.o(i.rt_mbx_init), (26 bytes).
    Removing rt_mailbox.o(i.rt_mbx_send), (160 bytes).
    Removing rt_mailbox.o(i.rt_mbx_wait), (184 bytes).
    Removing rt_semaphore.o(i.isr_sem_send), (16 bytes).
    Removing rt_semaphore.o(i.rt_sem_init), (12 bytes).
    Removing rt_semaphore.o(i.rt_sem_send), (56 bytes).
    Removing rt_semaphore.o(i.rt_sem_wait), (60 bytes).
    Removing rt_timer.o(i.rt_tmr_create), (80 bytes).
    Removing rt_timer.o(i.rt_tmr_kill), (52 bytes).

36 unused section(s) (total 2250 bytes) removed from the image.

==============================================================================

Image Symbol Table

    Local Symbols

    Symbol Name                              Value     Ov Type        Size  Object(Section)

    ../clib/microlib/init/entry.s            0x00000000   Number         0  entry.o ABSOLUTE
    ../clib/microlib/init/entry.s            0x00000000   Number         0  entry9a.o ABSOLUTE
    ../clib/microlib/init/entry.s            0x00000000   Number         0  entry11b.o ABSOLUTE
    ../clib/microlib/init/entry.s            0x00000000   Number         0  entry11a.o ABSOLUTE
    ../clib/microlib/init/entry.s            0x00000000   Number         0  entry10b.o ABSOLUTE
    ../clib/microlib/init/entry.s            0x00000000   Number         0  entry2.o ABSOLUTE
    ../clib/microlib/init/entry.s            0x00000000   Number         0  entry5.o ABSOLUTE
    ../clib/microlib/init/entry.s            0x00000000   Number         0  entry9b.o ABSOLUTE
    ../clib/microlib/init/entry.s            0x00000000   Number         0  entry7a.o ABSOLUTE
    ../clib/microlib/init/entry.s            0x00000000   Number         0  entry10a.o ABSOLUTE
    ../clib/microlib/init/entry.s            0x00000000   Number         0  entry7b.o ABSOLUTE
    ../clib/microlib/init/entry.s            0x00000000   Number         0  entry8b.o ABSOLUTE
    ../clib/microlib/init/entry.s            0x00000000   Number         0  entry8a.o ABSOLUTE
    Blinky.c                                 0x00000000   Number         0  blinky.o ABSOLUTE
    Blinky.c                                 0x00000000   Number         0  blinky.o ABSOLUTE
    RTX_Conf_CM.c                            0x00000000   Number         0  rtx_conf_cm.o ABSOLUTE
    SRC\CM\HAL_CM3.c                         0x00000000   Number         0  hal_cm3.o ABSOLUTE
    SRC\CM\SVC_Table.s                       0x00000000   Number         0  SVC_Table.o ABSOLUTE
    SRC\CM\rt_Event.c                        0x00000000   Number         0  rt_event.o ABSOLUTE
    SRC\CM\rt_List.c                         0x00000000   Number         0  rt_list.o ABSOLUTE
    SRC\CM\rt_Mailbox.c                      0x00000000   Number         0  rt_mailbox.o ABSOLUTE
    SRC\CM\rt_MemBox.c                       0x00000000   Number         0  rt_membox.o ABSOLUTE
    SRC\CM\rt_Robin.c                        0x00000000   Number         0  rt_robin.o ABSOLUTE
    SRC\CM\rt_Semaphore.c                    0x00000000   Number         0  rt_semaphore.o ABSOLUTE
    SRC\CM\rt_System.c                       0x00000000   Number         0  rt_system.o ABSOLUTE
    SRC\CM\rt_Task.c                         0x00000000   Number         0  rt_task.o ABSOLUTE
    SRC\CM\rt_Time.c                         0x00000000   Number         0  rt_time.o ABSOLUTE
    SRC\CM\rt_Timer.c                        0x00000000   Number         0  rt_timer.o ABSOLUTE
    SRC\\CM\\HAL_CM3.c                       0x00000000   Number         0  hal_cm3.o ABSOLUTE
    SRC\\CM\\rt_System.c                     0x00000000   Number         0  rt_system.o ABSOLUTE
    dc.s                                     0x00000000   Number         0  dc.o ABSOLUTE
    handlers.s                               0x00000000   Number         0  handlers.o ABSOLUTE
    init.s                                   0x00000000   Number         0  init.o ABSOLUTE
    startup_stm32f10x_ld_vl.s                0x00000000   Number         0  startup_stm32f10x_ld_vl.o ABSOLUTE
    system_stm32f10x.c                       0x00000000   Number         0  system_stm32f10x.o ABSOLUTE
    system_stm32f10x.c                       0x00000000   Number         0  system_stm32f10x.o ABSOLUTE
    RESET                                    0x08000000   Section      288  startup_stm32f10x_ld_vl.o(RESET)
    .ARM.Collect$$$$00000000                 0x08000120   Section        0  entry.o(.ARM.Collect$$$$00000000)
    .ARM.Collect$$$$00000001                 0x08000120   Section        4  entry2.o(.ARM.Collect$$$$00000001)
    .ARM.Collect$$$$00000004                 0x08000124   Section        4  entry5.o(.ARM.Collect$$$$00000004)
    .ARM.Collect$$$$00000008                 0x08000128   Section        0  entry7b.o(.ARM.Collect$$$$00000008)
    .ARM.Collect$$$$0000000A                 0x08000128   Section        0  entry8b.o(.ARM.Collect$$$$0000000A)
    .ARM.Collect$$$$0000000B                 0x08000128   Section        8  entry9a.o(.ARM.Collect$$$$0000000B)
    .ARM.Collect$$$$0000000D                 0x08000130   Section        0  entry10a.o(.ARM.Collect$$$$0000000D)
    .ARM.Collect$$$$0000000F                 0x08000130   Section        0  entry11a.o(.ARM.Collect$$$$0000000F)
    .ARM.Collect$$$$00002712                 0x08000130   Section        4  entry2.o(.ARM.Collect$$$$00002712)
    __lit__00000000                          0x08000130   Data           4  entry2.o(.ARM.Collect$$$$00002712)
    .emb_text                                0x08000134   Section      340  hal_cm3.o(.emb_text)
    .text                                    0x08000288   Section       36  startup_stm32f10x_ld_vl.o(.text)
    .text                                    0x080002ac   Section        0  system_stm32f10x.o(.text)
    SetSysClockTo24                          0x080002ad   Thumb Code   176  system_stm32f10x.o(.text)
    SetSysClock                              0x0800035d   Thumb Code     8  system_stm32f10x.o(.text)
    .text                                    0x08000460   Section        0  rtx_conf_cm.o(.text)
    .text                                    0x0800046c   Section        0  blinky.o(.text)
    .text                                    0x08000648   Section       36  init.o(.text)
    SVC_TABLE                                0x0800066c   Section        4  SVC_Table.o(SVC_TABLE)
    i.__scatterload_copy                     0x08000670   Section       14  handlers.o(i.__scatterload_copy)
    i.__scatterload_null                     0x0800067e   Section        2  handlers.o(i.__scatterload_null)
    i.__scatterload_zeroinit                 0x08000680   Section       14  handlers.o(i.__scatterload_zeroinit)
    i._init_box                              0x0800068e   Section        0  rt_membox.o(i._init_box)
    i.dbg_init                               0x080006d4   Section        0  hal_cm3.o(i.dbg_init)
    i.dbg_task_notify                        0x08000704   Section        0  hal_cm3.o(i.dbg_task_notify)
    i.dbg_task_switch                        0x08000724   Section        0  hal_cm3.o(i.dbg_task_switch)
    i.os_tick_init                           0x08000734   Section        0  rt_system.o(i.os_tick_init)
    i.os_tick_irqack                         0x0800075c   Section        0  rt_system.o(i.os_tick_irqack)
    i.rt_alloc_box                           0x0800075e   Section        0  rt_membox.o(i.rt_alloc_box)
    i.rt_block                               0x08000778   Section        0  rt_task.o(i.rt_block)
    i.rt_chk_robin                           0x080007b0   Section        0  rt_robin.o(i.rt_chk_robin)
    i.rt_dec_dly                             0x080007f8   Section        0  rt_list.o(i.rt_dec_dly)
    i.rt_dispatch                            0x0800086c   Section        0  rt_task.o(i.rt_dispatch)
    i.rt_dly_wait                            0x080008b0   Section        0  rt_time.o(i.rt_dly_wait)
    i.rt_evt_psh                             0x080008b8   Section        0  rt_event.o(i.rt_evt_psh)
    i.rt_evt_set                             0x08000904   Section        0  rt_event.o(i.rt_evt_set)
    i.rt_evt_wait                            0x08000964   Section        0  rt_event.o(i.rt_evt_wait)
    i.rt_free_box                            0x080009a0   Section        0  rt_membox.o(i.rt_free_box)
    i.rt_get_first                           0x080009c0   Section        0  rt_list.o(i.rt_get_first)
    i.rt_init_context                        0x080009e8   Section        0  rt_task.o(i.rt_init_context)
    rt_init_context                          0x080009e9   Thumb Code    64  rt_task.o(i.rt_init_context)
    i.rt_init_robin                          0x08000a2c   Section        0  rt_robin.o(i.rt_init_robin)
    i.rt_init_stack                          0x08000a44   Section        0  hal_cm3.o(i.rt_init_stack)
    i.rt_mbx_psh                             0x08000a94   Section        0  rt_mailbox.o(i.rt_mbx_psh)
    i.rt_pop_req                             0x08000b54   Section        0  rt_system.o(i.rt_pop_req)
    i.rt_put_dly                             0x08000bcc   Section        0  rt_list.o(i.rt_put_dly)
    i.rt_put_prio                            0x08000c14   Section        0  rt_list.o(i.rt_put_prio)
    i.rt_put_rdy_first                       0x08000c4c   Section        0  rt_list.o(i.rt_put_rdy_first)
    i.rt_rmv_dly                             0x08000c60   Section        0  rt_list.o(i.rt_rmv_dly)
    i.rt_rmv_list                            0x08000c88   Section        0  rt_list.o(i.rt_rmv_list)
    i.rt_sem_psh                             0x08000cb8   Section        0  rt_semaphore.o(i.rt_sem_psh)
    i.rt_stk_check                           0x08000cec   Section        0  rt_system.o(i.rt_stk_check)
    i.rt_switch_req                          0x08000d10   Section        0  rt_task.o(i.rt_switch_req)
    i.rt_sys_init                            0x08000d38   Section        0  rt_task.o(i.rt_sys_init)
    i.rt_systick                             0x08000e90   Section        0  rt_system.o(i.rt_systick)
    i.rt_tmr_tick                            0x08000ecc   Section        0  rt_timer.o(i.rt_tmr_tick)
    i.rt_tsk_create                          0x08000f0c   Section        0  rt_task.o(i.rt_tsk_create)
    i.rt_tsk_delete                          0x08000fa0   Section        0  rt_task.o(i.rt_tsk_delete)
    .constdata                               0x0800105c   Section       40  rtx_conf_cm.o(.constdata)
    __tagsym$$used                           0x08001070   Number         0  rtx_conf_cm.o(.constdata)
    __tagsym$$used                           0x08001074   Number         0  rtx_conf_cm.o(.constdata)
    .constdata                               0x08001084   Section        8  blinky.o(.constdata)
    .data                                    0x20000000   Section       20  system_stm32f10x.o(.data)
    .data                                    0x20000014   Section        4  rtx_conf_cm.o(.data)
    .data                                    0x20000018   Section       20  blinky.o(.data)
    .data                                    0x2000002c   Section        8  rt_task.o(.data)
    .data                                    0x20000034   Section        4  rt_time.o(.data)
    .data                                    0x20000038   Section        1  hal_cm3.o(.data)
    .data                                    0x2000003c   Section        8  rt_system.o(.data)
    os_lock                                  0x2000003c   Data           1  rt_system.o(.data)
    os_psh_flag                              0x2000003d   Data           1  rt_system.o(.data)
    pend_flags                               0x2000003e   Data           1  rt_system.o(.data)
    .data                                    0x20000044   Section        8  rt_robin.o(.data)
    .data                                    0x2000004c   Section        8  rt_timer.o(.data)
    .bss                                     0x20000058   Section     1876  rtx_conf_cm.o(.bss)
    .bss                                     0x200007ac   Section       48  rt_task.o(.bss)
    .bss                                     0x200007dc   Section       48  rt_list.o(.bss)
    STACK                                    0x20000810   Section     1024  startup_stm32f10x_ld_vl.o(STACK)

    Global Symbols

    Symbol Name                              Value     Ov Type        Size  Object(Section)

    BuildAttributes$$THM_ISAv4$P$D$K$B$S$PE$A:L22UL41UL21$X:L11$S22US41US21$IEEE1$IW$USESV6$~STKCKD$USESV7$~SHL$OSPACE$EBA8$MICROLIB$REQ8$PRES8$EABIv2 0x00000000   Number         0  anon$$obj.o ABSOLUTE
    __ARM_use_no_argv                        0x00000000   Number         0  blinky.o ABSOLUTE
    __cpp_initialize__aeabi_                  - Undefined Weak Reference
    __cxa_finalize                            - Undefined Weak Reference
    __decompress                              - Undefined Weak Reference
    _clock_init                               - Undefined Weak Reference
    _microlib_exit                            - Undefined Weak Reference
    __Vectors_Size                           0x00000120   Number         0  startup_stm32f10x_ld_vl.o ABSOLUTE
    __RL_RTX_VER                             0x00000470   Number         0  rt_system.o ABSOLUTE
    __Vectors                                0x08000000   Data           4  startup_stm32f10x_ld_vl.o(RESET)
    __Vectors_End                            0x08000120   Data           0  startup_stm32f10x_ld_vl.o(RESET)
    __main                                   0x08000121   Thumb Code     0  entry.o(.ARM.Collect$$$$00000000)
    _main_stk                                0x08000121   Thumb Code     0  entry2.o(.ARM.Collect$$$$00000001)
    _main_scatterload                        0x08000125   Thumb Code     0  entry5.o(.ARM.Collect$$$$00000004)
    __main_after_scatterload                 0x08000129   Thumb Code     0  entry5.o(.ARM.Collect$$$$00000004)
    _main_clock                              0x08000129   Thumb Code     0  entry7b.o(.ARM.Collect$$$$00000008)
    _main_cpp_init                           0x08000129   Thumb Code     0  entry8b.o(.ARM.Collect$$$$0000000A)
    _main_init                               0x08000129   Thumb Code     0  entry9a.o(.ARM.Collect$$$$0000000B)
    __rt_final_cpp                           0x08000131   Thumb Code     0  entry10a.o(.ARM.Collect$$$$0000000D)
    __rt_final_exit                          0x08000131   Thumb Code     0  entry11a.o(.ARM.Collect$$$$0000000F)
    rt_set_PSP                               0x08000135   Thumb Code     6  hal_cm3.o(.emb_text)
    rt_get_PSP                               0x0800013b   Thumb Code     6  hal_cm3.o(.emb_text)
    os_set_env                               0x08000141   Thumb Code    24  hal_cm3.o(.emb_text)
    _alloc_box                               0x0800015d   Thumb Code    28  hal_cm3.o(.emb_text)
    _free_box                                0x0800017d   Thumb Code    28  hal_cm3.o(.emb_text)
    SVC_Handler                              0x0800019d   Thumb Code   124  hal_cm3.o(.emb_text)
    PendSV_Handler                           0x08000225   Thumb Code    76  hal_cm3.o(.emb_text)
    SysTick_Handler                          0x08000275   Thumb Code     8  hal_cm3.o(.emb_text)
    OS_Tick_Handler                          0x0800027d   Thumb Code    12  hal_cm3.o(.emb_text)
    Reset_Handler                            0x08000289   Thumb Code     8  startup_stm32f10x_ld_vl.o(.text)
    NMI_Handler                              0x08000291   Thumb Code     2  startup_stm32f10x_ld_vl.o(.text)
    HardFault_Handler                        0x08000293   Thumb Code     2  startup_stm32f10x_ld_vl.o(.text)
    MemManage_Handler                        0x08000295   Thumb Code     2  startup_stm32f10x_ld_vl.o(.text)
    BusFault_Handler                         0x08000297   Thumb Code     2  startup_stm32f10x_ld_vl.o(.text)
    UsageFault_Handler                       0x08000299   Thumb Code     2  startup_stm32f10x_ld_vl.o(.text)
    DebugMon_Handler                         0x0800029d   Thumb Code     2  startup_stm32f10x_ld_vl.o(.text)
    ADC1_IRQHandler                          0x080002a3   Thumb Code     0  startup_stm32f10x_ld_vl.o(.text)
    CEC_IRQHandler                           0x080002a3   Thumb Code     0  startup_stm32f10x_ld_vl.o(.text)
    DMA1_Channel1_IRQHandler                 0x080002a3   Thumb Code     0  startup_stm32f10x_ld_vl.o(.text)
    DMA1_Channel2_IRQHandler                 0x080002a3   Thumb Code     0  startup_stm32f10x_ld_vl.o(.text)
    DMA1_Channel3_IRQHandler                 0x080002a3   Thumb Code     0  startup_stm32f10x_ld_vl.o(.text)
    DMA1_Channel4_IRQHandler                 0x080002a3   Thumb Code     0  startup_stm32f10x_ld_vl.o(.text)
    DMA1_Channel5_IRQHandler                 0x080002a3   Thumb Code     0  startup_stm32f10x_ld_vl.o(.text)
    DMA1_Channel6_IRQHandler                 0x080002a3   Thumb Code     0  startup_stm32f10x_ld_vl.o(.text)
    DMA1_Channel7_IRQHandler                 0x080002a3   Thumb Code     0  startup_stm32f10x_ld_vl.o(.text)
    EXTI0_IRQHandler                         0x080002a3   Thumb Code     0  startup_stm32f10x_ld_vl.o(.text)
    EXTI15_10_IRQHandler                     0x080002a3   Thumb Code     0  startup_stm32f10x_ld_vl.o(.text)
    EXTI1_IRQHandler                         0x080002a3   Thumb Code     0  startup_stm32f10x_ld_vl.o(.text)
    EXTI2_IRQHandler                         0x080002a3   Thumb Code     0  startup_stm32f10x_ld_vl.o(.text)
    EXTI3_IRQHandler                         0x080002a3   Thumb Code     0  startup_stm32f10x_ld_vl.o(.text)
    EXTI4_IRQHandler                         0x080002a3   Thumb Code     0  startup_stm32f10x_ld_vl.o(.text)
    EXTI9_5_IRQHandler                       0x080002a3   Thumb Code     0  startup_stm32f10x_ld_vl.o(.text)
    FLASH_IRQHandler                         0x080002a3   Thumb Code     0  startup_stm32f10x_ld_vl.o(.text)
    I2C1_ER_IRQHandler                       0x080002a3   Thumb Code     0  startup_stm32f10x_ld_vl.o(.text)
    I2C1_EV_IRQHandler                       0x080002a3   Thumb Code     0  startup_stm32f10x_ld_vl.o(.text)
    PVD_IRQHandler                           0x080002a3   Thumb Code     0  startup_stm32f10x_ld_vl.o(.text)
    RCC_IRQHandler                           0x080002a3   Thumb Code     0  startup_stm32f10x_ld_vl.o(.text)
    RTCAlarm_IRQHandler                      0x080002a3   Thumb Code     0  startup_stm32f10x_ld_vl.o(.text)
    RTC_IRQHandler                           0x080002a3   Thumb Code     0  startup_stm32f10x_ld_vl.o(.text)
    SPI1_IRQHandler                          0x080002a3   Thumb Code     0  startup_stm32f10x_ld_vl.o(.text)
    TAMPER_IRQHandler                        0x080002a3   Thumb Code     0  startup_stm32f10x_ld_vl.o(.text)
    TIM1_BRK_TIM15_IRQHandler                0x080002a3   Thumb Code     0  startup_stm32f10x_ld_vl.o(.text)
    TIM1_CC_IRQHandler                       0x080002a3   Thumb Code     0  startup_stm32f10x_ld_vl.o(.text)
    TIM1_TRG_COM_TIM17_IRQHandler            0x080002a3   Thumb Code     0  startup_stm32f10x_ld_vl.o(.text)
    TIM1_UP_TIM16_IRQHandler                 0x080002a3   Thumb Code     0  startup_stm32f10x_ld_vl.o(.text)
    TIM2_IRQHandler                          0x080002a3   Thumb Code     0  startup_stm32f10x_ld_vl.o(.text)
    TIM3_IRQHandler                          0x080002a3   Thumb Code     0  startup_stm32f10x_ld_vl.o(.text)
    TIM6_DAC_IRQHandler                      0x080002a3   Thumb Code     0  startup_stm32f10x_ld_vl.o(.text)
    TIM7_IRQHandler                          0x080002a3   Thumb Code     0  startup_stm32f10x_ld_vl.o(.text)
    USART1_IRQHandler                        0x080002a3   Thumb Code     0  startup_stm32f10x_ld_vl.o(.text)
    USART2_IRQHandler                        0x080002a3   Thumb Code     0  startup_stm32f10x_ld_vl.o(.text)
    WWDG_IRQHandler                          0x080002a3   Thumb Code     0  startup_stm32f10x_ld_vl.o(.text)
    SystemInit                               0x08000365   Thumb Code    82  system_stm32f10x.o(.text)
    SystemCoreClockUpdate                    0x080003b7   Thumb Code   138  system_stm32f10x.o(.text)
    os_idle_demon                            0x08000461   Thumb Code     4  rtx_conf_cm.o(.text)
    os_tmr_call                              0x08000465   Thumb Code     2  rtx_conf_cm.o(.text)
    os_error                                 0x08000467   Thumb Code     4  rtx_conf_cm.o(.text)
    LED_Config                               0x0800046d   Thumb Code    36  blinky.o(.text)
    LED_On                                   0x08000491   Thumb Code    12  blinky.o(.text)
    LED_Off                                  0x0800049d   Thumb Code    12  blinky.o(.text)
    signal_func                              0x080004a9   Thumb Code    68  blinky.o(.text)
    phaseA                                   0x080004ed   Thumb Code    26  blinky.o(.text)
    phaseB                                   0x08000507   Thumb Code    26  blinky.o(.text)
    phaseC                                   0x08000521   Thumb Code    26  blinky.o(.text)
    phaseD                                   0x0800053b   Thumb Code    26  blinky.o(.text)
    clock                                    0x08000555   Thumb Code    38  blinky.o(.text)
    init                                     0x0800057b   Thumb Code   120  blinky.o(.text)
    main                                     0x080005f3   Thumb Code    28  blinky.o(.text)
    __scatterload                            0x08000649   Thumb Code    28  init.o(.text)
    __scatterload_rt2                        0x08000649   Thumb Code     0  init.o(.text)
    SVC_Count                                0x0800066c   Data           4  SVC_Table.o(SVC_TABLE)
    SVC_Table                                0x08000670   Data           0  SVC_Table.o(SVC_TABLE)
    __scatterload_copy                       0x08000671   Thumb Code    14  handlers.o(i.__scatterload_copy)
    __scatterload_null                       0x0800067f   Thumb Code     2  handlers.o(i.__scatterload_null)
    __scatterload_zeroinit                   0x08000681   Thumb Code    14  handlers.o(i.__scatterload_zeroinit)
    _init_box                                0x0800068f   Thumb Code    70  rt_membox.o(i._init_box)
    dbg_init                                 0x080006d5   Thumb Code    34  hal_cm3.o(i.dbg_init)
    dbg_task_notify                          0x08000705   Thumb Code    32  hal_cm3.o(i.dbg_task_notify)
    dbg_task_switch                          0x08000725   Thumb Code    16  hal_cm3.o(i.dbg_task_switch)
    os_tick_init                             0x08000735   Thumb Code    32  rt_system.o(i.os_tick_init)
    os_tick_irqack                           0x0800075d   Thumb Code     2  rt_system.o(i.os_tick_irqack)
    rt_alloc_box                             0x0800075f   Thumb Code    26  rt_membox.o(i.rt_alloc_box)
    rt_block                                 0x08000779   Thumb Code    48  rt_task.o(i.rt_block)
    rt_chk_robin                             0x080007b1   Thumb Code    60  rt_robin.o(i.rt_chk_robin)
    rt_dec_dly                               0x080007f9   Thumb Code   106  rt_list.o(i.rt_dec_dly)
    rt_dispatch                              0x0800086d   Thumb Code    60  rt_task.o(i.rt_dispatch)
    rt_dly_wait                              0x080008b1   Thumb Code     6  rt_time.o(i.rt_dly_wait)
    rt_evt_psh                               0x080008b9   Thumb Code    72  rt_event.o(i.rt_evt_psh)
    rt_evt_set                               0x08000905   Thumb Code    90  rt_event.o(i.rt_evt_set)
    rt_evt_wait                              0x08000965   Thumb Code    56  rt_event.o(i.rt_evt_wait)
    rt_free_box                              0x080009a1   Thumb Code    32  rt_membox.o(i.rt_free_box)
    rt_get_first                             0x080009c1   Thumb Code    40  rt_list.o(i.rt_get_first)
    rt_init_robin                            0x08000a2d   Thumb Code    14  rt_robin.o(i.rt_init_robin)
    rt_init_stack                            0x08000a45   Thumb Code    70  hal_cm3.o(i.rt_init_stack)
    rt_mbx_psh                               0x08000a95   Thumb Code   188  rt_mailbox.o(i.rt_mbx_psh)
    rt_pop_req                               0x08000b55   Thumb Code   106  rt_system.o(i.rt_pop_req)
    rt_put_dly                               0x08000bcd   Thumb Code    68  rt_list.o(i.rt_put_dly)
    rt_put_prio                              0x08000c15   Thumb Code    54  rt_list.o(i.rt_put_prio)
    rt_put_rdy_first                         0x08000c4d   Thumb Code    14  rt_list.o(i.rt_put_rdy_first)
    rt_rmv_dly                               0x08000c61   Thumb Code    40  rt_list.o(i.rt_rmv_dly)
    rt_rmv_list                              0x08000c89   Thumb Code    44  rt_list.o(i.rt_rmv_list)
    rt_sem_psh                               0x08000cb9   Thumb Code    46  rt_semaphore.o(i.rt_sem_psh)
    rt_stk_check                             0x08000ced   Thumb Code    28  rt_system.o(i.rt_stk_check)
    rt_switch_req                            0x08000d11   Thumb Code    30  rt_task.o(i.rt_switch_req)
    rt_sys_init                              0x08000d39   Thumb Code   266  rt_task.o(i.rt_sys_init)
    rt_systick                               0x08000e91   Thumb Code    48  rt_system.o(i.rt_systick)
    rt_tmr_tick                              0x08000ecd   Thumb Code    56  rt_timer.o(i.rt_tmr_tick)
    rt_tsk_create                            0x08000f0d   Thumb Code   126  rt_task.o(i.rt_tsk_create)
    rt_tsk_delete                            0x08000fa1   Thumb Code   162  rt_task.o(i.rt_tsk_delete)
    os_maxtaskrun                            0x0800105c   Data           2  rtx_conf_cm.o(.constdata)
    os_stackinfo                             0x08001060   Data           4  rtx_conf_cm.o(.constdata)
    os_rrobin                                0x08001064   Data           4  rtx_conf_cm.o(.constdata)
    os_trv                                   0x08001068   Data           4  rtx_conf_cm.o(.constdata)
    os_flags                                 0x0800106c   Data           1  rtx_conf_cm.o(.constdata)
    os_clockrate                             0x08001070   Data           4  rtx_conf_cm.o(.constdata)
    os_timernum                              0x08001074   Data           4  rtx_conf_cm.o(.constdata)
    mp_tcb_size                              0x08001078   Data           2  rtx_conf_cm.o(.constdata)
    mp_stk_size                              0x0800107c   Data           4  rtx_conf_cm.o(.constdata)
    os_fifo_size                             0x08001080   Data           1  rtx_conf_cm.o(.constdata)
    mp_tmr_size                              0x08001082   Data           2  rtx_conf_cm.o(.constdata)
    led_mask                                 0x08001084   Data           8  blinky.o(.constdata)
    Region$$Table$$Base                      0x0800108c   Number         0  anon$$obj.o(Region$$Table)
    Region$$Table$$Limit                     0x080010ac   Number         0  anon$$obj.o(Region$$Table)
    SystemCoreClock                          0x20000000   Data           4  system_stm32f10x.o(.data)
    AHBPrescTable                            0x20000004   Data          16  system_stm32f10x.o(.data)
    m_tmr                                    0x20000014   Data           4  rtx_conf_cm.o(.data)
    t_phaseA                                 0x20000018   Data           4  blinky.o(.data)
    t_phaseB                                 0x2000001c   Data           4  blinky.o(.data)
    t_phaseC                                 0x20000020   Data           4  blinky.o(.data)
    t_phaseD                                 0x20000024   Data           4  blinky.o(.data)
    t_clock                                  0x20000028   Data           4  blinky.o(.data)
    os_tsk                                   0x2000002c   Data           8  rt_task.o(.data)
    os_time                                  0x20000034   Data           4  rt_time.o(.data)
    dbg_msg                                  0x20000038   Data           1  hal_cm3.o(.data)
    os_tick_irqn                             0x20000040   Data           4  rt_system.o(.data)
    os_robin                                 0x20000044   Data           8  rt_robin.o(.data)
    os_tmr                                   0x2000004c   Data           8  rt_timer.o(.data)
    mp_tcb                                   0x20000058   Data         300  rtx_conf_cm.o(.bss)
    mp_stk                                   0x20000188   Data        1416  rtx_conf_cm.o(.bss)
    os_fifo                                  0x20000710   Data         132  rtx_conf_cm.o(.bss)
    os_active_TCB                            0x20000794   Data          24  rtx_conf_cm.o(.bss)
    os_idle_TCB                              0x200007ac   Data          48  rt_task.o(.bss)
    os_rdy                                   0x200007dc   Data          24  rt_list.o(.bss)
    os_dly                                   0x200007f4   Data          24  rt_list.o(.bss)
    __initial_sp                             0x20000c10   Data           0  startup_stm32f10x_ld_vl.o(STACK)



==============================================================================

Memory Map of the image

  Image Entry point : 0x08000121

  Load Region LR_IROM1 (Base: 0x08000000, Size: 0x00001100, Max: 0x00020000, ABSOLUTE)

    Execution Region ER_IROM1 (Base: 0x08000000, Size: 0x000010ac, Max: 0x00020000, ABSOLUTE)

    Base Addr    Size         Type   Attr      Idx    E Section Name        Object

    0x08000000   0x00000120   Data   RO            3    RESET               startup_stm32f10x_ld_vl.o
    0x08000120   0x00000000   Code   RO          655  * .ARM.Collect$$$$00000000  mc_w.l(entry.o)
    0x08000120   0x00000004   Code   RO          658    .ARM.Collect$$$$00000001  mc_w.l(entry2.o)
    0x08000124   0x00000004   Code   RO          661    .ARM.Collect$$$$00000004  mc_w.l(entry5.o)
    0x08000128   0x00000000   Code   RO          663    .ARM.Collect$$$$00000008  mc_w.l(entry7b.o)
    0x08000128   0x00000000   Code   RO          665    .ARM.Collect$$$$0000000A  mc_w.l(entry8b.o)
    0x08000128   0x00000008   Code   RO          666    .ARM.Collect$$$$0000000B  mc_w.l(entry9a.o)
    0x08000130   0x00000000   Code   RO          668    .ARM.Collect$$$$0000000D  mc_w.l(entry10a.o)
    0x08000130   0x00000000   Code   RO          670    .ARM.Collect$$$$0000000F  mc_w.l(entry11a.o)
    0x08000130   0x00000004   Code   RO          659    .ARM.Collect$$$$00002712  mc_w.l(entry2.o)
    0x08000134   0x00000154   Code   RO          282    .emb_text           RTX_CM3.LIB(hal_cm3.o)
    0x08000288   0x00000024   Code   RO            4    .text               startup_stm32f10x_ld_vl.o
    0x080002ac   0x000001b4   Code   RO           12    .text               system_stm32f10x.o
    0x08000460   0x0000000a   Code   RO           53    .text               rtx_conf_cm.o
    0x0800046a   0x00000002   PAD
    0x0800046c   0x000001dc   Code   RO           78    .text               blinky.o
    0x08000648   0x00000024   Code   RO          672    .text               mc_w.l(init.o)
    0x0800066c   0x00000004   Code   RO          541    SVC_TABLE           RTX_CM3.LIB(SVC_Table.o)
    0x08000670   0x0000000e   Code   RO          676    i.__scatterload_copy  mc_w.l(handlers.o)
    0x0800067e   0x00000002   Code   RO          677    i.__scatterload_null  mc_w.l(handlers.o)
    0x08000680   0x0000000e   Code   RO          678    i.__scatterload_zeroinit  mc_w.l(handlers.o)
    0x0800068e   0x00000046   Code   RO          508    i._init_box         RTX_CM3.LIB(rt_membox.o)
    0x080006d4   0x00000030   Code   RO          283    i.dbg_init          RTX_CM3.LIB(hal_cm3.o)
    0x08000704   0x00000020   Code   RO          284    i.dbg_task_notify   RTX_CM3.LIB(hal_cm3.o)
    0x08000724   0x00000010   Code   RO          285    i.dbg_task_switch   RTX_CM3.LIB(hal_cm3.o)
    0x08000734   0x00000028   Code   RO          324    i.os_tick_init      RTX_CM3.LIB(rt_system.o)
    0x0800075c   0x00000002   Code   RO          325    i.os_tick_irqack    RTX_CM3.LIB(rt_system.o)
    0x0800075e   0x0000001a   Code   RO          509    i.rt_alloc_box      RTX_CM3.LIB(rt_membox.o)
    0x08000778   0x00000038   Code   RO          104    i.rt_block          RTX_CM3.LIB(rt_task.o)
    0x080007b0   0x00000048   Code   RO          486    i.rt_chk_robin      RTX_CM3.LIB(rt_robin.o)
    0x080007f8   0x00000074   Code   RO          407    i.rt_dec_dly        RTX_CM3.LIB(rt_list.o)
    0x0800086c   0x00000044   Code   RO          105    i.rt_dispatch       RTX_CM3.LIB(rt_task.o)
    0x080008b0   0x00000006   Code   RO          249    i.rt_dly_wait       RTX_CM3.LIB(rt_time.o)
    0x080008b6   0x00000002   PAD
    0x080008b8   0x0000004c   Code   RO          206    i.rt_evt_psh        RTX_CM3.LIB(rt_event.o)
    0x08000904   0x00000060   Code   RO          207    i.rt_evt_set        RTX_CM3.LIB(rt_event.o)
    0x08000964   0x0000003c   Code   RO          208    i.rt_evt_wait       RTX_CM3.LIB(rt_event.o)
    0x080009a0   0x00000020   Code   RO          510    i.rt_free_box       RTX_CM3.LIB(rt_membox.o)
    0x080009c0   0x00000028   Code   RO          408    i.rt_get_first      RTX_CM3.LIB(rt_list.o)
    0x080009e8   0x00000044   Code   RO          106    i.rt_init_context   RTX_CM3.LIB(rt_task.o)
    0x08000a2c   0x00000018   Code   RO          487    i.rt_init_robin     RTX_CM3.LIB(rt_robin.o)
    0x08000a44   0x00000050   Code   RO          286    i.rt_init_stack     RTX_CM3.LIB(hal_cm3.o)
    0x08000a94   0x000000c0   Code   RO          548    i.rt_mbx_psh        RTX_CM3.LIB(rt_mailbox.o)
    0x08000b54   0x00000078   Code   RO          326    i.rt_pop_req        RTX_CM3.LIB(rt_system.o)
    0x08000bcc   0x00000048   Code   RO          411    i.rt_put_dly        RTX_CM3.LIB(rt_list.o)
    0x08000c14   0x00000036   Code   RO          412    i.rt_put_prio       RTX_CM3.LIB(rt_list.o)
    0x08000c4a   0x00000002   PAD
    0x08000c4c   0x00000014   Code   RO          413    i.rt_put_rdy_first  RTX_CM3.LIB(rt_list.o)
    0x08000c60   0x00000028   Code   RO          415    i.rt_rmv_dly        RTX_CM3.LIB(rt_list.o)
    0x08000c88   0x00000030   Code   RO          416    i.rt_rmv_list       RTX_CM3.LIB(rt_list.o)
    0x08000cb8   0x00000034   Code   RO          594    i.rt_sem_psh        RTX_CM3.LIB(rt_semaphore.o)
    0x08000cec   0x00000024   Code   RO          329    i.rt_stk_check      RTX_CM3.LIB(rt_system.o)
    0x08000d10   0x00000028   Code   RO          107    i.rt_switch_req     RTX_CM3.LIB(rt_task.o)
    0x08000d38   0x00000158   Code   RO          108    i.rt_sys_init       RTX_CM3.LIB(rt_task.o)
    0x08000e90   0x0000003c   Code   RO          331    i.rt_systick        RTX_CM3.LIB(rt_system.o)
    0x08000ecc   0x00000040   Code   RO          630    i.rt_tmr_tick       RTX_CM3.LIB(rt_timer.o)
    0x08000f0c   0x00000094   Code   RO          109    i.rt_tsk_create     RTX_CM3.LIB(rt_task.o)
    0x08000fa0   0x000000bc   Code   RO          110    i.rt_tsk_delete     RTX_CM3.LIB(rt_task.o)
    0x0800105c   0x00000028   Data   RO           55    .constdata          rtx_conf_cm.o
    0x08001084   0x00000008   Data   RO           79    .constdata          blinky.o
    0x0800108c   0x00000020   Data   RO          674    Region$$Table       anon$$obj.o


    Execution Region RW_IRAM1 (Base: 0x20000000, Size: 0x00000c10, Max: 0x00002000, ABSOLUTE)

    Base Addr    Size         Type   Attr      Idx    E Section Name        Object

    0x20000000   0x00000014   Data   RW           13    .data               system_stm32f10x.o
    0x20000014   0x00000004   Data   RW           56    .data               rtx_conf_cm.o
    0x20000018   0x00000014   Data   RW           80    .data               blinky.o
    0x2000002c   0x00000008   Data   RW          115    .data               RTX_CM3.LIB(rt_task.o)
    0x20000034   0x00000004   Data   RW          253    .data               RTX_CM3.LIB(rt_time.o)
    0x20000038   0x00000001   Data   RW          287    .data               RTX_CM3.LIB(hal_cm3.o)
    0x20000039   0x00000003   PAD
    0x2000003c   0x00000008   Data   RW          334    .data               RTX_CM3.LIB(rt_system.o)
    0x20000044   0x00000008   Data   RW          488    .data               RTX_CM3.LIB(rt_robin.o)
    0x2000004c   0x00000008   Data   RW          631    .data               RTX_CM3.LIB(rt_timer.o)
    0x20000054   0x00000004   PAD
    0x20000058   0x00000754   Zero   RW           54    .bss                rtx_conf_cm.o
    0x200007ac   0x00000030   Zero   RW          114    .bss                RTX_CM3.LIB(rt_task.o)
    0x200007dc   0x00000030   Zero   RW          417    .bss                RTX_CM3.LIB(rt_list.o)
    0x2000080c   0x00000004   PAD
    0x20000810   0x00000400   Zero   RW            1    STACK               startup_stm32f10x_ld_vl.o


==============================================================================

Image component sizes


      Code (inc. data)   RO Data    RW Data    ZI Data      Debug   Object Name

       476         58          8         20          0       2179   blinky.o
        10          0         40          4       1876       8776   rtx_conf_cm.o
        36          8        288          0       1024        740   startup_stm32f10x_ld_vl.o
       436         32          0         20          0       5791   system_stm32f10x.o

    ----------------------------------------------------------------------
       960         98        368         44       2900      17486   Object Totals
         0          0         32          0          0          0   (incl. Generated)
         2          0          0          0          0          0   (incl. Padding)

    ----------------------------------------------------------------------

      Code (inc. data)   RO Data    RW Data    ZI Data      Debug   Library Member Name

         4          4          0          0          0        140   SVC_Table.o
       516         56          0          1          0       2477   hal_cm3.o
       232         14          0          0          0       1588   rt_event.o
       390         24          0          0         48       3349   rt_list.o
       192          4          0          0          0        609   rt_mailbox.o
       128          0          0          0          0       1497   rt_membox.o
        96         22          0          8          0        974   rt_robin.o
        52          6          0          0          0        453   rt_semaphore.o
       258         42          0          8          0       2974   rt_system.o
       912        156          0          8         48       6290   rt_task.o
         6          0          0          4          0        504   rt_time.o
        64          8          0          8          0        583   rt_timer.o
         0          0          0          0          0          0   entry.o
         0          0          0          0          0          0   entry10a.o
         0          0          0          0          0          0   entry11a.o
         8          4          0          0          0          0   entry2.o
         4          0          0          0          0          0   entry5.o
         0          0          0          0          0          0   entry7b.o
         0          0          0          0          0          0   entry8b.o
         8          4          0          0          0          0   entry9a.o
        30          0          0          0          0          0   handlers.o
        36          8          0          0          0         68   init.o

    ----------------------------------------------------------------------
      2940        352          0         40        104      21506   Library Totals
         4          0          0          3          8          0   (incl. Padding)

    ----------------------------------------------------------------------

      Code (inc. data)   RO Data    RW Data    ZI Data      Debug   Library Name

      2850        336          0         37         96      21438   RTX_CM3.LIB
        86         16          0          0          0         68   mc_w.l

    ----------------------------------------------------------------------
      2940        352          0         40        104      21506   Library Totals

    ----------------------------------------------------------------------

==============================================================================


      Code (inc. data)   RO Data    RW Data    ZI Data      Debug   

      3900        450        368         84       3004      37172   Grand Totals
      3900        450        368         84       3004      37172   ELF Image Totals
      3900        450        368         84          0          0   ROM Totals

==============================================================================

    Total RO  Size (Code + RO Data)                 4268 (   4.17kB)
    Total RW  Size (RW Data + ZI Data)              3088 (   3.02kB)
    Total ROM Size (Code + RO Data + RW Data)       4352 (   4.25kB)

==============================================================================

